2026-07-30 07:46:25,655 | INFO | Vision extraction: 204 frames over 20.5 min (10 FPM)
2026-07-30 07:46:28,941 | INFO | [0.0s] scene='The image shows a black background with the words "Waves Ott for SLC" written in' | hints=['wind', 'crackling fire', 'night insects'] | expr=[]
2026-07-30 07:46:30,519 | INFO | [6.0s] scene='The image shows a red rose with water droplets on it against a black background,' | hints=['rain falling', 'water splashing', 'wind over water'] | expr=[]
2026-07-30 07:46:32,764 | INFO | [12.1s] scene='The image shows a red rose with green leaves and water droplets on it, set again' | hints=['rain falling', 'birds chirping', 'water splashing'] | expr=[]
2026-07-30 07:46:34,758 | INFO | [18.2s] scene='The image shows a red rose with its stem and leaves against a black background, ' | hints=['birds chirping', 'branch creak', 'crickets'] | expr=[]
2026-07-30 07:46:37,274 | INFO | [24.2s] scene='The image shows a single red rose with its stem and leaves, set against a dark b' | hints=['birds chirping', 'wind', 'branch creak'] | expr=[]
2026-07-30 07:46:39,064 | INFO | [30.3s] scene='The image shows a single red rose with its stem and leaves against a black backg' | hints=['birds chirping', 'branch creak', 'crickets'] | expr=[]
2026-07-30 07:46:40,987 | INFO | [36.3s] scene='The image shows a red rose with its stem and leaves against a black background, ' | hints=['birds chirping', 'branch creak', 'crickets'] | expr=[]
2026-07-30 07:46:42,804 | INFO | [42.4s] scene='The image shows a single red rose with its stem and leaves against a black backg' | hints=['birds chirping', 'branch creak', 'crickets'] | expr=[]
2026-07-30 07:46:45,385 | INFO | [48.4s] scene='The rose is vibrant and full of life, with its petals and leaves standing out ag' | hints=['birds chirping', 'wind', 'branch creak'] | expr=[]
2026-07-30 07:46:47,164 | INFO | [54.5s] scene='The image shows a red rose with the words "Executive Producer Raj Pius" written ' | hints=['wind', 'crackling fire', 'night insects'] | expr=[]
2026-07-30 07:46:49,815 | INFO | [60.6s] scene='The image shows a red rose with the words "Shama Zaidi" written in Hindi, along ' | hints=['rain falling', 'water splashing', 'wind over water'] | expr=[]
2026-07-30 07:46:51,593 | INFO | [66.6s] scene='The image shows a red rose with its stem and leaves against a black background, ' | hints=['birds chirping', 'branch creak', 'crickets'] | expr=[]
2026-07-30 07:46:53,809 | INFO | [72.7s] scene='The image shows a red rose with the words "Dr. R.S. Sharma" written in Marathi, ' | hints=['frogs croaking', 'crackling fire', 'night insects'] | expr=[]
2026-07-30 07:46:56,581 | INFO | [78.7s] scene='The rose is vibrant and full of life, with its petals and leaves standing out ag' | hints=['frogs croaking', 'crackling fire', 'night insects'] | expr=[]
2026-07-30 07:46:58,676 | INFO | [84.8s] scene='The image shows a red rose with the words "Mixing Hitendra Ghosh" written in Hin' | hints=['rain falling', 'water splashing', 'wind over water'] | expr=[]
2026-07-30 07:47:00,719 | INFO | [90.8s] scene='The image shows a red rose with its stem and leaves against a black background, ' | hints=['birds chirping', 'branch creak', 'crickets'] | expr=[]
2026-07-30 07:47:02,681 | INFO | [96.9s] scene='The image shows a red rose with its stem and leaves against a black background, ' | hints=['birds chirping', 'branch creak', 'crickets'] | expr=[]
2026-07-30 07:47:04,830 | INFO | [103.0s] scene='The image shows a red rose with the words "Salim Arif" written on it, set agains' | hints=['birds chirping', 'wind', 'branch creak'] | expr=[]
2026-07-30 07:47:07,580 | INFO | [109.0s] scene='The rose is vibrant and full of life, with its petals and leaves standing out ag' | hints=['frogs croaking', 'crackling fire', 'night insects'] | expr=[]
2026-07-30 07:47:09,607 | INFO | [115.1s] scene='The image shows a red rose with its stem and leaves against a black background, ' | hints=['birds chirping', 'branch creak', 'crickets'] | expr=[]
2026-07-30 07:47:11,669 | INFO | [121.1s] scene='The image shows a red rose with its stem and leaves against a black background, ' | hints=['birds chirping', 'branch creak', 'crickets'] | expr=[]
2026-07-30 07:47:14,545 | INFO | [127.2s] scene='The image shows a black background with the text "Episode 22: The Chola Empire P' | hints=['wind', 'crackling fire', 'night insects'] | expr=[]
2026-07-30 07:47:14,583 | INFO | [133.2s] skip unstable frame (diff=112.3)
2026-07-30 07:47:14,624 | INFO | [139.3s] skip unstable frame (diff=36.6)
2026-07-30 07:47:14,660 | INFO | [145.4s] skip unstable frame (diff=35.6)
2026-07-30 07:47:16,508 | INFO | [151.4s] scene='The image shows a man standing in front of a temple, wearing a white dress and a' | hints=['music', 'birds chirping', 'wind'] | expr=[]
2026-07-30 07:47:18,482 | INFO | [157.5s] scene='The image shows a man standing in front of a temple, wearing a white dress and a' | hints=['music', 'birds chirping', 'wind'] | expr=[]
2026-07-30 07:47:20,615 | INFO | [163.5s] scene='The image shows a man standing in front of a temple, wearing a white dress and a' | hints=['music', 'birds chirping', 'wind'] | expr=[]
2026-07-30 07:47:22,807 | INFO | [169.6s] scene='The image shows a man standing in front of a temple, wearing a white dress and a' | hints=['music', 'birds chirping', 'wind'] | expr=[]
2026-07-30 07:47:24,936 | INFO | [175.6s] scene='The image shows a man standing in front of a temple, wearing a white dress and a' | hints=['music', 'birds chirping', 'wind'] | expr=[]
2026-07-30 07:47:24,980 | INFO | [181.7s] skip unstable frame (diff=48.9)
2026-07-30 07:47:27,803 | INFO | [187.8s] scene='The image shows a beautiful sunset with the sun in the sky, surrounded by clouds' | hints=[] | expr=[]
2026-07-30 07:47:29,843 | INFO | [193.8s] scene='The image shows a beautiful sunset with the sun setting in the sky, surrounded b' | hints=['rain falling', 'water splashing', 'wind over water'] | expr=[]
2026-07-30 07:47:29,868 | INFO | [199.9s] skip unstable frame (diff=83.9)
2026-07-30 07:47:32,404 | INFO | [205.9s] scene='The image shows a close up of a brick wall with the words "Waves Ott for SLC" in' | hints=['footsteps on floor', 'door creak', 'clock ticking'] | expr=[]
2026-07-30 07:47:35,208 | INFO | [212.0s] scene='The image shows a statue of a man standing in front of a stone wall, with a wate' | hints=['footsteps on floor', 'door creak', 'rain falling'] | expr=[]
2026-07-30 07:47:37,702 | INFO | [218.0s] scene='The image shows a close up of a stone pillar with intricate carvings on it, loca' | hints=['music', 'rain falling', 'wind'] | expr=[]
2026-07-30 07:47:37,737 | INFO | [224.1s] skip unstable frame (diff=35.5)
2026-07-30 07:47:37,759 | INFO | [230.2s] skip unstable frame (diff=40.3)
2026-07-30 07:47:37,781 | INFO | [236.2s] skip unstable frame (diff=48.0)
2026-07-30 07:47:37,802 | INFO | [242.3s] skip unstable frame (diff=59.0)
2026-07-30 07:47:37,823 | INFO | [248.3s] skip unstable frame (diff=45.6)
2026-07-30 07:47:37,854 | INFO | [254.4s] skip unstable frame (diff=90.5)
2026-07-30 07:47:37,881 | INFO | [260.4s] skip unstable frame (diff=45.3)
2026-07-30 07:47:37,900 | INFO | [266.5s] skip unstable frame (diff=84.1)
2026-07-30 07:47:37,933 | INFO | [272.6s] skip unstable frame (diff=67.4)
2026-07-30 07:47:37,962 | INFO | [278.6s] skip unstable frame (diff=57.9)
2026-07-30 07:47:37,984 | INFO | [284.7s] skip unstable frame (diff=78.2)
2026-07-30 07:47:38,005 | INFO | [290.8s] skip unstable frame (diff=91.4)
2026-07-30 07:47:40,949 | INFO | [296.8s] scene='The image shows a stone carving of a man and woman on a wall with the words "Wav' | hints=['footsteps on floor', 'door creak', 'clock ticking'] | expr=[]
2026-07-30 07:47:40,994 | INFO | [302.8s] skip unstable frame (diff=61.5)
2026-07-30 07:47:41,025 | INFO | [308.9s] skip unstable frame (diff=44.5)
2026-07-30 07:47:41,056 | INFO | [315.0s] skip unstable frame (diff=44.4)
2026-07-30 07:47:43,550 | INFO | [321.0s] scene='The image shows a stone statue of a Buddha with a hat on his head, which is beli' | hints=['rain falling', 'water splashing', 'wind over water'] | expr=[]
2026-07-30 07:47:43,583 | INFO | [327.1s] skip unstable frame (diff=64.8)
2026-07-30 07:47:46,009 | INFO | [333.2s] scene='The image shows a man standing in front of a temple, wearing a white dress and a' | hints=['frogs croaking', 'birds', 'water splashing'] | expr=[]
2026-07-30 07:47:48,618 | INFO | [339.2s] scene='The image shows a man standing in front of a temple, wearing a white dress and a' | hints=['frogs croaking', 'birds', 'water splashing'] | expr=[]
2026-07-30 07:47:51,029 | INFO | [345.2s] scene='The image shows a man standing in front of a temple, wearing a white dress and a' | hints=['frogs croaking', 'birds', 'water splashing'] | expr=[]
2026-07-30 07:47:53,730 | INFO | [351.3s] scene='The image shows a man standing in front of a temple, wearing a white dress and a' | hints=['frogs croaking', 'birds', 'water splashing'] | expr=[]
2026-07-30 07:47:53,770 | INFO | [357.4s] skip unstable frame (diff=50.6)
2026-07-30 07:47:53,802 | INFO | [363.4s] skip unstable frame (diff=51.0)
2026-07-30 07:47:53,825 | INFO | [369.5s] skip unstable frame (diff=57.6)
2026-07-30 07:47:55,705 | INFO | [375.6s] scene='The image shows a man wearing a cap standing in front of a building with pillars' | hints=['rain falling', 'birds chirping', 'water splashing'] | expr=[]
2026-07-30 07:47:57,624 | INFO | [381.6s] scene='The image shows a man wearing a cap standing in front of a building with pillars' | hints=['rain falling', 'birds chirping', 'water splashing'] | expr=[]
2026-07-30 07:47:59,712 | INFO | [387.7s] scene='The image shows a man standing in front of a building with pillars, surrounded b' | hints=['rain falling', 'birds chirping', 'water splashing'] | expr=[]
2026-07-30 07:48:01,617 | INFO | [393.7s] scene='The image shows a man wearing a cap standing in front of a building with pillars' | hints=['rain falling', 'birds chirping', 'water splashing'] | expr=[]
2026-07-30 07:48:03,550 | INFO | [399.8s] scene='The image shows a man wearing a cap standing in front of a building with pillars' | hints=['rain falling', 'birds chirping', 'water splashing'] | expr=[]
2026-07-30 07:48:05,366 | INFO | [405.8s] scene='The image shows a man wearing a cap standing in front of a building with pillars' | hints=['rain falling', 'birds chirping', 'water splashing'] | expr=[]
2026-07-30 07:48:05,391 | INFO | [411.9s] skip unstable frame (diff=48.6)
2026-07-30 07:48:07,773 | INFO | [418.0s] scene='The image shows a man in a yellow sari sitting on a throne in front of a statue,' | hints=['rain falling', 'water splashing', 'wind over water'] | expr=[]
2026-07-30 07:48:10,189 | INFO | [424.0s] scene='The image shows a man in a yellow sari sitting on a throne in front of a statue,' | hints=['rain falling', 'water splashing', 'wind over water'] | expr=[]
2026-07-30 07:48:12,661 | INFO | [430.1s] scene='The image shows a man in a blue sari standing next to another man in front of a ' | hints=['footsteps on floor', 'door creak', 'rain falling'] | expr=[]
2026-07-30 07:48:15,190 | INFO | [436.1s] scene='The image shows a man in a white turban and a woman in a blue dress standing in ' | hints=['footsteps on floor', 'door creak', 'rain falling'] | expr=[]
2026-07-30 07:48:17,707 | INFO | [442.2s] scene='The image shows a man in a white turban standing next to a woman in a blue dress' | hints=['footsteps on floor', 'door creak', 'clock ticking'] | expr=[]
2026-07-30 07:48:19,752 | INFO | [448.2s] scene='The image shows a group of men standing next to each other in front of a buildin' | hints=['footsteps on floor', 'door creak', 'rain falling'] | expr=[]
2026-07-30 07:48:22,071 | INFO | [454.3s] scene='The image shows a man in a white sari talking to another man in front of a crowd' | hints=['rain falling', 'crowd chatter', 'water splashing'] | expr=[]
2026-07-30 07:48:24,413 | INFO | [460.4s] scene='The image shows a man in a white sari standing next to a woman in a yellow sari,' | hints=['footsteps on floor', 'door creak', 'rain falling'] | expr=[]
2026-07-30 07:48:27,009 | INFO | [466.4s] scene='The image shows a man in a white sari standing next to a woman in a yellow sari,' | hints=[] | expr=[]
2026-07-30 07:48:29,623 | INFO | [472.5s] scene='The image shows a man in a white sari standing next to a woman in a yellow sari,' | hints=['rain falling', 'wind', 'water splashing'] | expr=[]
2026-07-30 07:48:32,247 | INFO | [478.5s] scene='The image shows a man in a white sari standing next to a woman in a red sari, bo' | hints=[] | expr=[]
2026-07-30 07:48:34,884 | INFO | [484.6s] scene='The image shows a man and woman standing next to each other in front of a temple' | hints=['music', 'rain falling', 'wind'] | expr=[]
2026-07-30 07:48:37,465 | INFO | [490.6s] scene='The image shows a man in a white sari standing next to a woman in a yellow sari,' | hints=['rain falling', 'water splashing', 'wind over water'] | expr=[]
2026-07-30 07:48:39,918 | INFO | [496.7s] scene='The image shows a man in a yellow sari standing next to a woman in a red sari, s' | hints=['rain falling', 'water splashing', 'wind over water'] | expr=[]
2026-07-30 07:48:42,493 | INFO | [502.8s] scene='The image shows a man in a yellow sari sitting on a throne next to a woman in a ' | hints=['rain falling', 'water splashing', 'wind over water'] | expr=[]
2026-07-30 07:48:44,966 | INFO | [508.8s] scene='The image shows a man with a mustache and moustache sitting on a throne, wearing' | hints=['rain falling', 'water splashing', 'wind over water'] | expr=[]
2026-07-30 07:48:47,455 | INFO | [514.9s] scene='The image shows a man with a mustache and a red robe sitting on a throne, wearin' | hints=['rain falling', 'water splashing', 'wind over water'] | expr=[]
2026-07-30 07:48:49,637 | INFO | [520.9s] scene='The image shows a man with a mustache and moustache sitting on a throne, wearing' | hints=['rain falling', 'water splashing', 'wind over water'] | expr=[]
2026-07-30 07:48:51,821 | INFO | [527.0s] scene='The image shows a man with a mustache and moustache sitting on a throne, wearing' | hints=['rain falling', 'water splashing', 'wind over water'] | expr=[]
2026-07-30 07:48:54,568 | INFO | [533.0s] scene='The image shows a group of people standing around a bed in a room, with a person' | hints=['footsteps on floor', 'door creak', 'rain falling'] | expr=[]
2026-07-30 07:48:57,144 | INFO | [539.1s] scene='The image shows a group of people standing around a bed in a room, with a woman ' | hints=['footsteps on floor', 'door creak', 'rain falling'] | expr=[]
2026-07-30 07:49:00,042 | INFO | [545.2s] scene='The image shows a group of people standing around a woman laying on top of a bed' | hints=['footsteps on floor', 'door creak', 'rain falling'] | expr=[]
2026-07-30 07:49:02,815 | INFO | [551.2s] scene='The image shows a man and woman sitting on top of a bed next to each other, with' | hints=['rain falling', 'wind', 'water splashing'] | expr=[]
2026-07-30 07:49:05,750 | INFO | [557.3s] scene='The image shows a man in a gold outfit standing next to another man in front of ' | hints=['footsteps on floor', 'door creak', 'rain falling'] | expr=[]
2026-07-30 07:49:08,801 | INFO | [563.3s] scene='The image shows a man in a yellow bikini standing next to a woman in a black dre' | hints=['footsteps on floor', 'door creak', 'rain falling'] | expr=[]
2026-07-30 07:49:11,623 | INFO | [569.4s] scene='The image shows a woman with long black hair standing in front of a group of peo' | hints=['rain falling', 'water splashing', 'wind over water'] | expr=[]
2026-07-30 07:49:13,961 | INFO | [575.4s] scene='The image shows a man in a gold outfit standing next to a woman in front of a re' | hints=['footsteps on floor', 'door creak', 'rain falling'] | expr=[]
2026-07-30 07:49:16,579 | INFO | [581.5s] scene='The image shows a group of people standing around each other in a room, with a w' | hints=['footsteps on floor', 'door creak', 'rain falling'] | expr=[]
2026-07-30 07:49:19,107 | INFO | [587.6s] scene='The image shows a group of people standing around each other in a room, with a w' | hints=['footsteps on floor', 'door creak', 'rain falling'] | expr=[]
2026-07-30 07:49:21,504 | INFO | [593.6s] scene='The image shows a group of three women standing next to each other in a room, wi' | hints=['footsteps on floor', 'door creak', 'rain falling'] | expr=[]
2026-07-30 07:49:23,785 | INFO | [599.7s] scene='The image shows a stage with a large umbrella on top of it, surrounded by decora' | hints=['footsteps on floor', 'door creak', 'rain falling'] | expr=[]
2026-07-30 07:49:26,256 | INFO | [605.7s] scene='The image shows a woman standing in front of a throne in a room, surrounded by a' | hints=['footsteps on floor', 'door creak', 'rain falling'] | expr=[]
2026-07-30 07:49:28,471 | INFO | [611.8s] scene='The image shows a woman laying on the floor in front of a crowd of people, illum' | hints=['footsteps on floor', 'door creak', 'rain falling'] | expr=[]
2026-07-30 07:49:30,709 | INFO | [617.8s] scene='The image shows a woman in a silver sari dancing in front of a crowd of people s' | hints=['footsteps on floor', 'door creak', 'crowd chatter'] | expr=[]
2026-07-30 07:49:33,292 | INFO | [623.9s] scene='The image shows a group of people standing in front of a crowd of people in a ro' | hints=['footsteps on floor', 'door creak', 'rain falling'] | expr=[]
2026-07-30 07:49:35,764 | INFO | [630.0s] scene='The image shows a woman in a red dress standing in front of a crowd of people, i' | hints=['rain falling', 'crowd chatter', 'water splashing'] | expr=[]
2026-07-30 07:49:38,171 | INFO | [636.0s] scene='The image shows a man in a yellow sari standing in front of a pile of colorful p' | hints=['footsteps on floor', 'door creak', 'rain falling'] | expr=[]
2026-07-30 07:49:40,737 | INFO | [642.1s] scene='The image shows a group of people standing on the floor, with one person wearing' | hints=['footsteps on floor', 'door creak', 'rain falling'] | expr=[]
2026-07-30 07:49:43,603 | INFO | [648.1s] scene='The image shows a group of men standing next to each other in a room, with one o' | hints=['footsteps on floor', 'door creak', 'rain falling'] | expr=[]
2026-07-30 07:49:46,297 | INFO | [654.2s] scene='The image shows a scene from the Tamil movie Ramayana, with two men wearing orna' | hints=['rain falling', 'water splashing', 'wind over water'] | expr=[]
2026-07-30 07:49:49,082 | INFO | [660.2s] scene='The image shows a scene from the Tamil movie Ramayana, with two men wearing orna' | hints=['rain falling', 'water splashing', 'wind over water'] | expr=[]
2026-07-30 07:49:51,801 | INFO | [666.3s] scene='The image shows two men in traditional Indian clothing standing next to each oth' | hints=['rain falling', 'crowd chatter', 'water splashing'] | expr=[]
2026-07-30 07:49:54,275 | INFO | [672.4s] scene='The image shows a man wearing a crown and ornaments, with a blurred background a' | hints=['rain falling', 'water splashing', 'wind over water'] | expr=[]
2026-07-30 07:49:56,871 | INFO | [678.4s] scene='The image shows a man wearing a crown and ornaments, with a blurred background a' | hints=['rain falling', 'water splashing', 'wind over water'] | expr=[]
2026-07-30 07:49:59,430 | INFO | [684.5s] scene='The image shows a man in a gold outfit with a crown on his head, surrounded by a' | hints=['rain falling', 'water splashing', 'wind over water'] | expr=[]
2026-07-30 07:50:01,968 | INFO | [690.5s] scene='The image shows a man in a gold outfit with a crown on his head, surrounded by a' | hints=['rain falling', 'water splashing', 'wind over water'] | expr=[]
2026-07-30 07:50:04,569 | INFO | [696.6s] scene='The image shows a man in a gold dress with a crown on his head, surrounded by a ' | hints=['rain falling', 'water splashing', 'wind over water'] | expr=[]
2026-07-30 07:50:06,981 | INFO | [702.6s] scene='The image shows a woman in a gold dress with a red sari and a crown on her head,' | hints=['rain falling', 'water splashing', 'wind over water'] | expr=[]
2026-07-30 07:50:09,554 | INFO | [708.7s] scene='The image shows a man in a gold outfit with a crown on his head, standing in the' | hints=['rain falling', 'water splashing', 'wind over water'] | expr=[]
2026-07-30 07:50:12,115 | INFO | [714.8s] scene='The image shows a man with a long beard and a red robe standing in front of a wa' | hints=['footsteps on floor', 'door creak', 'rain falling'] | expr=[]
2026-07-30 07:50:14,243 | INFO | [720.8s] scene='The image shows a man with a long beard wearing a red robe, standing in front of' | hints=['footsteps on floor', 'door creak', 'rain falling'] | expr=[]
2026-07-30 07:50:16,483 | INFO | [726.9s] scene='The image shows a man with a long beard wearing a red robe, standing in front of' | hints=['footsteps on floor', 'door creak', 'rain falling'] | expr=[]
2026-07-30 07:50:19,648 | INFO | [733.0s] scene='The image shows a man with long hair and a beard wearing a red robe, standing in' | hints=['footsteps on floor', 'door creak', 'rain falling'] | expr=[]
2026-07-30 07:50:23,487 | INFO | [739.0s] scene='The image shows a man in a red and gold outfit standing next to a woman in a yel' | hints=[] | expr=[]
2026-07-30 07:50:27,146 | INFO | [745.0s] scene='The image shows a group of men standing next to each other in a room, wearing or' | hints=['footsteps on floor', 'door creak', 'rain falling'] | expr=[]
2026-07-30 07:50:29,680 | INFO | [751.1s] scene='The image shows a man in a red outfit talking to another man in front of a crowd' | hints=['rain falling', 'crowd chatter', 'water splashing'] | expr=[]
2026-07-30 07:50:32,345 | INFO | [757.2s] scene='The image shows a man in a red outfit standing next to another man in front of a' | hints=['rain falling', 'crowd chatter', 'crickets chirping'] | expr=[]
2026-07-30 07:50:34,984 | INFO | [763.2s] scene='The image shows a woman in a red dress standing in front of a bar, with two othe' | hints=['rain falling', 'water splashing', 'wind over water'] | expr=[]
2026-07-30 07:50:37,650 | INFO | [769.3s] scene='The image shows a man in a red sari standing next to a woman in a silver sari, w' | hints=['rain falling', 'water splashing', 'wind over water'] | expr=[]
2026-07-30 07:50:40,274 | INFO | [775.4s] scene='The image shows a man in a red sari standing next to a woman in a silver sari, w' | hints=['rain falling', 'water splashing', 'wind over water'] | expr=[]
2026-07-30 07:50:42,740 | INFO | [781.4s] scene='The image shows a man in a costume with a crown on his head, standing in front o' | hints=['footsteps on floor', 'door creak', 'rain falling'] | expr=[]
2026-07-30 07:50:44,693 | INFO | [787.4s] scene='The image shows a man in a red outfit standing next to another man wearing ornam' | hints=['rain falling', 'water splashing', 'wind over water'] | expr=[]
2026-07-30 07:50:47,320 | INFO | [793.5s] scene='The image shows two men standing next to each other in front of a temple, with o' | hints=['music', 'rain falling', 'wind'] | expr=[]
2026-07-30 07:50:49,963 | INFO | [799.6s] scene='The image shows a man in a red sari standing next to a woman in a white dress, b' | hints=[] | expr=[]
2026-07-30 07:50:52,611 | INFO | [805.6s] scene='The image shows a man in a red sari standing next to a woman in a white dress' | hints=['rain falling', 'water splashing', 'wind over water'] | expr=[]
2026-07-30 07:50:55,245 | INFO | [811.7s] scene='The image shows a man in a red sari standing next to a woman in a white dress, b' | hints=['rain falling', 'water splashing', 'wind over water'] | expr=[]
2026-07-30 07:50:57,799 | INFO | [817.8s] scene='The image shows a man in a silver and red outfit standing next to a woman in a r' | hints=['rain falling', 'water splashing', 'wind over water'] | expr=[]
2026-07-30 07:51:00,541 | INFO | [823.8s] scene='The image shows a man in a red sari standing next to a woman in a white dress, b' | hints=['footsteps on floor', 'door creak', 'clock ticking'] | expr=[]
2026-07-30 07:51:03,111 | INFO | [829.9s] scene='The image shows a man in a red sari standing next to a woman in a silver dress, ' | hints=['footsteps on floor', 'door creak', 'rain falling'] | expr=[]
2026-07-30 07:51:05,555 | INFO | [835.9s] scene='The image shows a man in a red sari standing next to a woman in a white dress, w' | hints=['rain falling', 'water splashing', 'wind over water'] | expr=[]
2026-07-30 07:51:07,951 | INFO | [842.0s] scene='The image shows a man in a red outfit standing next to another man wearing ornam' | hints=['rain falling', 'water splashing', 'wind over water'] | expr=[]
2026-07-30 07:51:10,583 | INFO | [848.0s] scene='The image shows two men, one with a beard and the other with a crown on his head' | hints=['music', 'rain falling', 'wind'] | expr=[]
2026-07-30 07:51:12,539 | INFO | [854.1s] scene='The image shows a man in a red outfit standing next to another man wearing ornam' | hints=['rain falling', 'water splashing', 'wind over water'] | expr=[]
2026-07-30 07:51:15,118 | INFO | [860.2s] scene='The image shows two men, one with a long beard and the other with a beard, stand' | hints=['music', 'rain falling', 'wind'] | expr=[]
2026-07-30 07:51:17,672 | INFO | [866.2s] scene='The image shows two men standing next to each other in front of a crowd, with a ' | hints=['rain falling', 'crowd chatter', 'water splashing'] | expr=[]
2026-07-30 07:51:20,103 | INFO | [872.3s] scene='The image shows two men, one with a beard and the other with a mustache, standin' | hints=['footsteps on floor', 'door creak', 'rain falling'] | expr=[]
2026-07-30 07:51:22,596 | INFO | [878.3s] scene='The image shows two men, one with a beard and the other with a crown on his head' | hints=['rain falling', 'water splashing', 'wind over water'] | expr=[]
2026-07-30 07:51:25,419 | INFO | [884.4s] scene='The image shows two men, one with long hair and a beard and the other with a bea' | hints=['rain falling', 'crowd chatter', 'water splashing'] | expr=[]
2026-07-30 07:51:28,012 | INFO | [890.4s] scene='The image shows two men standing next to each other in front of a crowd' | hints=['music', 'rain falling', 'crowd chatter'] | expr=[]
2026-07-30 07:51:30,532 | INFO | [896.5s] scene='The image shows a man with a beard and a woman in a red dress standing next to e' | hints=['rain falling', 'water splashing', 'wind over water'] | expr=[]
2026-07-30 07:51:33,253 | INFO | [902.6s] scene='The image shows two men, one with a beard and the other with a mustache, standin' | hints=['rain falling', 'crowd chatter', 'water splashing'] | expr=[]
2026-07-30 07:51:36,005 | INFO | [908.6s] scene='The image shows two men standing next to each other in front of a crowd, with a ' | hints=['rain falling', 'crowd chatter', 'water splashing'] | expr=[]
2026-07-30 07:51:39,221 | INFO | [914.7s] scene='The image shows two men, one with a beard and the other with a mustache, standin' | hints=['rain falling', 'crowd chatter', 'water splashing'] | expr=[]
2026-07-30 07:51:41,785 | INFO | [920.7s] scene='The image shows a man with long hair and a beard standing next to a woman in a r' | hints=['rain falling', 'water splashing', 'wind over water'] | expr=[]
2026-07-30 07:51:44,366 | INFO | [926.8s] scene='The image shows two men standing next to each other in front of a crowd' | hints=['rain falling', 'crowd chatter', 'water splashing'] | expr=[]
2026-07-30 07:51:46,958 | INFO | [932.8s] scene='The image shows two men, one with a beard and the other with a crown on his head' | hints=['rain falling', 'crowd chatter', 'water splashing'] | expr=[]
2026-07-30 07:51:49,745 | INFO | [938.9s] scene='The image shows two men standing next to each other in front of a crowd' | hints=['music', 'rain falling', 'crowd chatter'] | expr=[]
2026-07-30 07:51:52,365 | INFO | [945.0s] scene='The image shows a man with a long beard and a crown on his head standing next to' | hints=['rain falling', 'water splashing', 'wind over water'] | expr=[]
2026-07-30 07:51:52,417 | INFO | [951.0s] skip unstable frame (diff=58.6)
2026-07-30 07:51:52,443 | INFO | [957.1s] skip unstable frame (diff=63.0)
2026-07-30 07:51:52,474 | INFO | [963.1s] skip unstable frame (diff=42.0)
2026-07-30 07:51:54,933 | INFO | [969.2s] scene='The image shows a group of men standing next to each other in front of a buildin' | hints=['rain falling', 'water splashing', 'wind over water'] | expr=[]
2026-07-30 07:51:57,390 | INFO | [975.2s] scene='The image shows a group of men standing on top of a boat, with one of them holdi' | hints=['rain falling', 'water splashing', 'wind over water'] | expr=[]
2026-07-30 07:51:59,828 | INFO | [981.3s] scene='The image shows a group of men standing next to each other in front of a buildin' | hints=['rain falling', 'water splashing', 'wind over water'] | expr=[]
2026-07-30 07:52:02,314 | INFO | [987.4s] scene='The image shows a group of men standing next to each other in front of a buildin' | hints=['rain falling', 'water splashing', 'wind over water'] | expr=[]
2026-07-30 07:52:04,839 | INFO | [993.4s] scene='The image shows a group of men standing next to each other in front of a buildin' | hints=['rain falling', 'water splashing', 'wind over water'] | expr=[]
2026-07-30 07:52:07,406 | INFO | [999.5s] scene='The image shows a group of men standing next to each other in front of a buildin' | hints=['rain falling', 'water splashing', 'wind over water'] | expr=[]
2026-07-30 07:52:10,080 | INFO | [1005.5s] scene='The image shows a group of men standing next to each other in front of a buildin' | hints=['rain falling', 'water splashing', 'wind over water'] | expr=[]
2026-07-30 07:52:12,801 | INFO | [1011.6s] scene='The image shows a group of men standing next to each other in front of a buildin' | hints=['rain falling', 'water splashing', 'wind over water'] | expr=[]
2026-07-30 07:52:15,547 | INFO | [1017.6s] scene='The image shows a group of men standing next to each other in front of a buildin' | hints=['rain falling', 'water splashing', 'wind over water'] | expr=[]
2026-07-30 07:52:18,094 | INFO | [1023.7s] scene='The image shows a group of men standing next to each other in front of a buildin' | hints=['rain falling', 'water splashing', 'wind over water'] | expr=[]
2026-07-30 07:52:20,152 | INFO | [1029.8s] scene='The image shows a group of men standing next to each other in front of a buildin' | hints=['rain falling', 'water splashing', 'wind over water'] | expr=[]
2026-07-30 07:52:22,687 | INFO | [1035.8s] scene='The image shows a group of men standing next to each other in front of a buildin' | hints=['rain falling', 'water splashing', 'wind over water'] | expr=[]
2026-07-30 07:52:24,914 | INFO | [1041.9s] scene='The image shows a group of men standing next to each other in front of a buildin' | hints=['rain falling', 'water splashing', 'wind over water'] | expr=[]
2026-07-30 07:52:27,485 | INFO | [1047.9s] scene='The image shows a group of men standing next to each other in front of a buildin' | hints=['rain falling', 'water splashing', 'wind over water'] | expr=[]
2026-07-30 07:52:30,017 | INFO | [1054.0s] scene='The image shows a group of men standing next to each other in front of a buildin' | hints=['rain falling', 'water splashing', 'wind over water'] | expr=[]
2026-07-30 07:52:30,063 | INFO | [1060.0s] skip unstable frame (diff=43.1)
2026-07-30 07:52:33,062 | INFO | [1066.1s] scene='The image shows a group of men standing next to each other in a room, with one o' | hints=['footsteps on floor', 'door creak', 'rain falling'] | expr=[]
2026-07-30 07:52:35,897 | INFO | [1072.2s] scene='The image shows a group of men standing next to each other in a room, with one o' | hints=['footsteps on floor', 'door creak', 'rain falling'] | expr=[]
2026-07-30 07:52:38,392 | INFO | [1078.2s] scene='The image shows a group of men standing next to each other in front of a buildin' | hints=['rain falling', 'wind', 'water splashing'] | expr=[]
2026-07-30 07:52:40,966 | INFO | [1084.3s] scene='The image shows a group of men standing next to each other in a room, with one o' | hints=['footsteps on floor', 'door creak', 'rain falling'] | expr=[]
2026-07-30 07:52:43,313 | INFO | [1090.3s] scene='The image shows a group of men standing next to each other in a room, with one o' | hints=['footsteps on floor', 'door creak', 'rain falling'] | expr=[]
2026-07-30 07:52:45,903 | INFO | [1096.4s] scene='The image shows a group of men standing next to each other in front of a buildin' | hints=['rain falling', 'water splashing', 'wind over water'] | expr=[]
2026-07-30 07:52:48,432 | INFO | [1102.4s] scene='The image shows a group of men standing next to each other in front of a buildin' | hints=['rain falling', 'water splashing', 'wind over water'] | expr=[]
2026-07-30 07:52:50,982 | INFO | [1108.5s] scene='The image shows a group of men standing next to each other in front of a buildin' | hints=['rain falling', 'water splashing', 'wind over water'] | expr=[]
2026-07-30 07:52:54,830 | INFO | [1114.6s] scene='The image shows a group of men standing next to each other in front of a buildin' | hints=['rain falling', 'wind', 'water splashing'] | expr=[]
2026-07-30 07:52:57,688 | INFO | [1120.6s] scene='The image shows a group of men standing next to each other in a room, with one o' | hints=['footsteps on floor', 'door creak', 'rain falling'] | expr=[]
2026-07-30 07:53:00,505 | INFO | [1126.7s] scene='The image shows a group of men standing next to each other in front of a buildin' | hints=['rain falling', 'water splashing', 'wind over water'] | expr=['scared', 'concerned']
2026-07-30 07:53:03,284 | INFO | [1132.7s] scene='The image shows a group of men standing next to each other in front of a buildin' | hints=['rain falling', 'water splashing', 'wind over water'] | expr=[]
2026-07-30 07:53:05,926 | INFO | [1138.8s] scene='The image shows a group of men standing next to each other in a dark room, with ' | hints=['footsteps on floor', 'door creak', 'rain falling'] | expr=[]
2026-07-30 07:53:08,634 | INFO | [1144.8s] scene='The image shows a group of three men standing next to each other in a dark room,' | hints=['footsteps on floor', 'door creak', 'rain falling'] | expr=[]
2026-07-30 07:53:11,393 | INFO | [1150.9s] scene='The image shows a group of men standing next to each other in a room, with one o' | hints=['footsteps on floor', 'door creak', 'clock ticking'] | expr=[]
2026-07-30 07:53:14,289 | INFO | [1157.0s] scene='The image shows a group of men standing next to each other in front of a buildin' | hints=['rain falling', 'water splashing', 'wind over water'] | expr=[]
2026-07-30 07:53:16,862 | INFO | [1163.0s] scene='The image shows a group of men standing next to each other in a room, with a wal' | hints=['footsteps on floor', 'door creak', 'rain falling'] | expr=[]
2026-07-30 07:53:19,503 | INFO | [1169.1s] scene='The image shows a group of men standing next to each other in a room, with a wal' | hints=['footsteps on floor', 'door creak', 'rain falling'] | expr=[]
2026-07-30 07:53:22,287 | INFO | [1175.2s] scene='The image shows a group of men standing next to each other in front of a buildin' | hints=['footsteps on floor', 'door creak', 'clock ticking'] | expr=[]
2026-07-30 07:53:25,367 | INFO | [1181.2s] scene='The image shows a group of men standing next to each other in front of a buildin' | hints=['rain falling', 'water splashing', 'wind over water'] | expr=[]
2026-07-30 07:53:28,364 | INFO | [1187.2s] scene='The image shows a group of men standing next to each other in front of a buildin' | hints=['rain falling', 'water splashing', 'wind over water'] | expr=[]
2026-07-30 07:53:28,417 | INFO | [1193.3s] skip unstable frame (diff=49.5)
2026-07-30 07:53:28,476 | INFO | [1199.4s] skip unstable frame (diff=38.5)
2026-07-30 07:53:28,508 | INFO | [1205.4s] skip unstable frame (diff=39.3)
2026-07-30 07:53:28,532 | INFO | [1211.5s] skip unstable frame (diff=44.7)
2026-07-30 07:53:31,173 | INFO | [1217.6s] scene='The image shows a woman in a white sari standing in front of a group of people, ' | hints=['footsteps on floor', 'door creak', 'rain falling'] | expr=[]
2026-07-30 07:53:37,051 | INFO | [1223.6s] scene='The image shows a woman in a white sari standing in front of a group of people, ' | hints=['footsteps on floor', 'door creak', 'cattle lowing'] | expr=[]
2026-07-30 07:53:39,798 | INFO | [1229.7s] scene='The image shows a woman in a white sari standing in front of a group of people, ' | hints=['footsteps on floor', 'door creak', 'rain falling'] | expr=[]
2026-07-30 07:53:39,811 | INFO | Vision log: 171 frames → results_v16\BEK_EP_022\florence_log.jsonl
2026-07-30 07:53:39,813 | INFO | 
Stage 1 done. Stage 2:
  python panns_pipeline.py --video data\BEK_EP_022.mp4 --florence-log results_v16\BEK_EP_022\florence_log.jsonl
