2026-07-30 08:45:16,362 | INFO | Vision extraction: 201 frames over 20.1 min (10 FPM)
2026-07-30 08:45:24,968 | INFO | [0.0s] scene='The image shows a black background with the words "Waves Ott for SLC" written in' | hints=['owl hooting', 'crickets chirping', 'wind'] | expr=[]
2026-07-30 08:45:30,046 | INFO | [6.0s] scene='The image shows a red rose with its stem and leaves against a black background, ' | hints=['birds chirping', 'crow cawing', 'insects buzzing'] | expr=[]
2026-07-30 08:45:35,150 | INFO | [12.0s] scene='The image shows a red rose with water droplets on it against a black background,' | hints=['owl hooting', 'crickets chirping', 'wind'] | expr=[]
2026-07-30 08:45:39,968 | INFO | [18.1s] scene='The image shows a single red rose with water droplets on it, its stem and leaves' | hints=['crow cawing', 'insects buzzing', 'night insects'] | expr=[]
2026-07-30 08:45:48,306 | INFO | [24.1s] scene='The image shows a red rose with its stem and leaves against a dark background, w' | hints=['birds chirping', 'owl hooting', 'crow cawing'] | expr=[]
2026-07-30 08:45:56,817 | INFO | [30.2s] scene='The image shows a single red rose with water droplets on it, its stem and leaves' | hints=['crow cawing', 'insects buzzing', 'night insects'] | expr=[]
2026-07-30 08:46:09,587 | INFO | [36.2s] scene='The rose is vibrant and full of life, with its petals and leaves standing out ag' | hints=['birds chirping', 'owl hooting', 'crow cawing'] | expr=[]
2026-07-30 08:46:13,868 | INFO | [42.2s] scene='The image shows a red rose with its stem and leaves against a black background, ' | hints=['birds chirping', 'crow cawing', 'insects buzzing'] | expr=[]
2026-07-30 08:46:18,195 | INFO | [48.2s] scene='The image shows a red rose with its stem and leaves against a black background, ' | hints=['birds chirping', 'crow cawing', 'insects buzzing'] | expr=[]
2026-07-30 08:46:28,886 | INFO | [54.3s] scene='The rose is vibrant and full of life, with its petals and leaves standing out ag' | hints=['birds chirping', 'owl hooting', 'crow cawing'] | expr=[]
2026-07-30 08:46:34,721 | INFO | [60.3s] scene='The image shows a red rose with the words "Executive Producer Raj Pius" written ' | hints=['owl hooting', 'crickets chirping', 'wind'] | expr=[]
2026-07-30 08:46:42,768 | INFO | [66.3s] scene='The image shows a red rose with the words "Shama Zaidi Sunil Shanbag Sandeep Pen' | hints=['birds chirping', 'crow cawing', 'insects buzzing'] | expr=[]
2026-07-30 08:46:51,190 | INFO | [72.4s] scene='The image shows a red rose with its stem and leaves, accompanied by the words "V' | hints=['birds chirping', 'crow cawing', 'insects buzzing'] | expr=[]
2026-07-30 08:46:57,737 | INFO | [78.4s] scene='The image shows a red rose with its stem and leaves against a black background, ' | hints=['birds chirping', 'crow cawing', 'insects buzzing'] | expr=[]
2026-07-30 08:47:02,558 | INFO | [84.4s] scene='The image shows a red rose with its stem and leaves, edited with the words "Suta' | hints=['birds chirping', 'crow cawing', 'insects buzzing'] | expr=[]
2026-07-30 08:47:07,327 | INFO | [90.5s] scene='The image shows a red rose with its stem and leaves against a dark background, w' | hints=['birds chirping', 'owl hooting', 'crow cawing'] | expr=[]
2026-07-30 08:47:10,566 | INFO | [96.5s] scene='The image shows a red rose with its stem and leaves against a black background, ' | hints=['birds chirping', 'crow cawing', 'insects buzzing'] | expr=[]
2026-07-30 08:47:16,578 | INFO | [102.5s] scene='The image shows a red rose with its stem and leaves against a black background, ' | hints=['birds chirping', 'crow cawing', 'insects buzzing'] | expr=[]
2026-07-30 08:47:21,581 | INFO | [108.6s] scene='The image shows a red rose with water droplets on it against a black background,' | hints=['owl hooting', 'crickets chirping', 'wind'] | expr=[]
2026-07-30 08:47:28,372 | INFO | [114.6s] scene='The image shows a red rose with its stem and leaves against a black background, ' | hints=['birds chirping', 'crow cawing', 'insects buzzing'] | expr=[]
2026-07-30 08:47:33,345 | INFO | [120.6s] scene='The image shows a red rose with its stem and leaves against a black background, ' | hints=['birds chirping', 'crow cawing', 'insects buzzing'] | expr=[]
2026-07-30 08:47:41,609 | INFO | [126.7s] scene='The image shows a black background with the text "Harshavardhana SLC Episode 20"' | hints=['owl hooting', 'crickets chirping', 'wind'] | expr=[]
2026-07-30 08:47:41,923 | INFO | [132.7s] skip unstable frame (diff=78.3)
2026-07-30 08:47:47,438 | INFO | [138.7s] scene='The image shows a man wearing a cap standing in front of a thatched hut, with a ' | hints=['rooster crowing', 'wind', 'cattle lowing'] | expr=[]
2026-07-30 08:47:52,620 | INFO | [144.8s] scene='The image shows a man wearing a cap standing in front of a thatched hut, with a ' | hints=['rooster crowing', 'wind', 'cattle lowing'] | expr=[]
2026-07-30 08:47:59,933 | INFO | [150.8s] scene='The image shows a man wearing a cap standing in front of a thatched hut with a w' | hints=['rooster crowing', 'wind', 'frogs croaking'] | expr=[]
2026-07-30 08:48:06,514 | INFO | [156.8s] scene='The image shows a man wearing a white cap standing in front of a thatched hut, w' | hints=['rooster crowing', 'wind', 'cattle lowing'] | expr=[]
2026-07-30 08:48:18,213 | INFO | [162.9s] scene='The image shows a man wearing a cap standing in front of a thatched hut with a w' | hints=['rooster crowing', 'wind', 'cattle lowing'] | expr=[]
2026-07-30 08:48:26,347 | INFO | [168.9s] scene='The image shows a man wearing a cap standing in front of a thatched hut, with a ' | hints=['rooster crowing', 'wind', 'frogs croaking'] | expr=[]
2026-07-30 08:48:29,457 | INFO | [174.9s] scene='The image shows a man wearing a cap standing in front of a thatched hut, with a ' | hints=['rooster crowing', 'wind', 'cattle lowing'] | expr=[]
2026-07-30 08:48:34,040 | INFO | [181.0s] scene='The image shows a man wearing a cap standing in front of a thatched hut with a w' | hints=['rooster crowing', 'wind', 'frogs croaking'] | expr=[]
2026-07-30 08:48:34,097 | INFO | [187.0s] skip unstable frame (diff=50.3)
2026-07-30 08:48:41,534 | INFO | [193.0s] scene='The image shows a man in a white hat and vest standing in front of a pile of hay' | hints=['frogs croaking', 'wind over water', 'rain falling'] | expr=[]
2026-07-30 08:49:00,328 | INFO | [199.0s] scene='The image shows a man in a white hat and vest standing next to another man, both' | hints=['birds chirping', 'crow cawing', 'insects buzzing'] | expr=[]
2026-07-30 08:49:06,484 | INFO | [205.1s] scene='The image shows a man in a white hat and vest standing next to a wooden pole, wi' | hints=['frogs croaking', 'wind over water', 'rain falling'] | expr=[]
2026-07-30 08:49:11,162 | INFO | [211.1s] scene='The image shows a man in a white hat and vest standing in front of a pile of hay' | hints=['frogs croaking', 'wind over water', 'rain falling'] | expr=[]
2026-07-30 08:49:17,954 | INFO | [217.2s] scene='The image shows a man wearing a white cap standing in front of a pile of hay, wi' | hints=[] | expr=[]
2026-07-30 08:49:18,166 | INFO | [223.2s] skip unstable frame (diff=66.5)
2026-07-30 08:49:25,035 | INFO | [229.2s] scene='The image shows a man in an orange sari standing in front of a hut, with a tree ' | hints=['rooster crowing', 'wind', 'frogs croaking'] | expr=[]
2026-07-30 08:49:25,098 | INFO | [235.2s] skip unstable frame (diff=53.1)
2026-07-30 08:49:31,790 | INFO | [241.3s] scene='The image shows a man and woman standing in front of a hut, embracing each other' | hints=['crow cawing', 'insects buzzing', 'distant music'] | expr=[]
2026-07-30 08:49:32,048 | INFO | [247.3s] skip unstable frame (diff=49.6)
2026-07-30 08:49:32,105 | INFO | [253.4s] skip unstable frame (diff=69.4)
2026-07-30 08:49:32,536 | INFO | [259.4s] skip unstable frame (diff=46.0)
2026-07-30 08:49:32,616 | INFO | [265.4s] skip unstable frame (diff=48.9)
2026-07-30 08:49:32,828 | INFO | [271.4s] skip unstable frame (diff=62.1)
2026-07-30 08:49:36,484 | INFO | [277.5s] scene='The image shows a man and woman sitting on a bench in front of a hut, surrounded' | hints=['crow cawing', 'insects buzzing', 'distant music'] | expr=[]
2026-07-30 08:49:42,823 | INFO | [283.5s] scene='The image shows two men sitting on a bench in front of a hut, with a table betwe' | hints=['crow cawing', 'insects buzzing', 'distant music'] | expr=[]
2026-07-30 08:49:50,128 | INFO | [289.6s] scene='The image shows a man sitting on the ground talking to a woman in front of a hut' | hints=['crow cawing', 'insects buzzing', 'distant music'] | expr=[]
2026-07-30 08:49:58,002 | INFO | [295.6s] scene='The image shows a man sitting on a bench next to a woman in front of a hut, surr' | hints=['crow cawing', 'insects buzzing', 'distant music'] | expr=[]
2026-07-30 08:50:06,643 | INFO | [301.6s] scene='The image shows a group of three men sitting around a table in front of a hut, s' | hints=['crow cawing', 'insects buzzing', 'distant music'] | expr=[]
2026-07-30 08:50:15,178 | INFO | [307.6s] scene='The image shows a group of four people sitting around a table in a hut, with a w' | hints=['fan humming', 'rooster crowing', 'wind'] | expr=[]
2026-07-30 08:50:22,993 | INFO | [313.7s] scene='The image shows a group of four people sitting around a table in a hut, with a w' | hints=['crow cawing', 'insects buzzing', 'distant music'] | expr=[]
2026-07-30 08:50:29,003 | INFO | [319.7s] scene='The image shows a group of people sitting around a table in a hut, with a waterm' | hints=['fan humming', 'rooster crowing', 'wind'] | expr=[]
2026-07-30 08:50:37,689 | INFO | [325.8s] scene='The image shows a group of people sitting around a table in a hut, with a waterm' | hints=['fan humming', 'rooster crowing', 'wind'] | expr=[]
2026-07-30 08:50:41,928 | INFO | [331.8s] scene='The image shows a group of people sitting around each other in a hut, with a man' | hints=['birds chirping', 'crow cawing', 'insects buzzing'] | expr=[]
2026-07-30 08:50:49,119 | INFO | [337.8s] scene='The image shows a group of people sitting around a table in front of a hut, with' | hints=['fan humming', 'rooster crowing', 'wind'] | expr=[]
2026-07-30 08:50:54,788 | INFO | [343.8s] scene='The image shows a group of people sitting around a table in a hut, with a man in' | hints=['fan humming', 'rooster crowing', 'wind'] | expr=[]
2026-07-30 08:50:59,914 | INFO | [349.9s] scene='The image shows a group of people sitting around a table in a hut, with a man in' | hints=['crow cawing', 'insects buzzing', 'distant music'] | expr=[]
2026-07-30 08:51:04,913 | INFO | [355.9s] scene='The image shows a group of people sitting around a table in front of a hut, with' | hints=['crow cawing', 'insects buzzing', 'distant music'] | expr=[]
2026-07-30 08:51:09,696 | INFO | [361.9s] scene='The image shows a man sitting at a table in front of a group of people, with a w' | hints=['fan humming', 'frogs croaking', 'wind over water'] | expr=[]
2026-07-30 08:51:17,113 | INFO | [368.0s] scene='The image shows a man and woman sitting at a table in front of a hut, with a woo' | hints=['fan humming', 'rooster crowing', 'wind'] | expr=[]
2026-07-30 08:51:27,804 | INFO | [374.0s] scene='The image shows a man and a woman sitting at a table in front of a hut, with a f' | hints=['fan humming', 'rooster crowing', 'wind'] | expr=[]
2026-07-30 08:51:33,040 | INFO | [380.0s] scene='The image shows a man and a woman sitting at a table in front of a hut, surround' | hints=['crow cawing', 'insects buzzing', 'distant music'] | expr=[]
2026-07-30 08:51:38,035 | INFO | [386.1s] scene='The image shows a man and a woman sitting next to each other in front of a hut, ' | hints=['crow cawing', 'insects buzzing', 'distant music'] | expr=[]
2026-07-30 08:51:43,171 | INFO | [392.1s] scene='The image shows a man and a woman sitting in front of a hut, with a watermark in' | hints=['crow cawing', 'insects buzzing', 'distant music'] | expr=[]
2026-07-30 08:51:48,439 | INFO | [398.1s] scene='The image shows a man and a woman sitting at a table in front of a window, with ' | hints=['birds chirping', 'fan humming', 'crow cawing'] | expr=[]
2026-07-30 08:51:52,071 | INFO | [404.2s] scene='The image shows a person holding a metal object, which appears to be a yerba mat' | hints=['frogs croaking', 'wind over water', 'rain falling'] | expr=[]
2026-07-30 08:51:56,615 | INFO | [410.2s] scene='The image shows a man in an orange robe sitting in front of a wooden fence, with' | hints=['fan humming', 'frogs croaking', 'wind over water'] | expr=[]
2026-07-30 08:51:59,338 | INFO | [416.2s] scene='The image shows a man in an orange robe sitting in front of a wooden fence, with' | hints=['fan humming', 'frogs croaking', 'wind over water'] | expr=[]
2026-07-30 08:52:07,101 | INFO | [422.3s] scene='The image shows a man in an orange robe sitting in front of a wooden fence, with' | hints=['fan humming', 'frogs croaking', 'wind over water'] | expr=[]
2026-07-30 08:52:13,385 | INFO | [428.3s] scene='The image shows a man in an orange robe sitting in front of a wooden fence with ' | hints=['fan humming', 'frogs croaking', 'wind over water'] | expr=[]
2026-07-30 08:52:18,327 | INFO | [434.3s] scene='The image shows a man in an orange robe sitting in front of a wooden fence, with' | hints=['fan humming', 'frogs croaking', 'wind over water'] | expr=[]
2026-07-30 08:52:18,621 | INFO | [440.4s] skip unstable frame (diff=35.7)
2026-07-30 08:52:28,428 | INFO | [446.4s] scene='The image shows a man in a white hat and a woman in a green dress adorned with p' | hints=['frogs croaking', 'wind over water', 'rain falling'] | expr=[]
2026-07-30 08:52:34,154 | INFO | [452.4s] scene='The image shows a woman in a green and pink sari sitting on a bed, holding a boo' | hints=['frogs croaking', 'wind over water', 'rain falling'] | expr=[]
2026-07-30 08:52:39,460 | INFO | [458.4s] scene='The image shows a woman in a red sari with a crown on her head, adorned with orn' | hints=['frogs croaking', 'wind over water', 'rain falling'] | expr=[]
2026-07-30 08:52:44,874 | INFO | [464.5s] scene='The image shows a man and woman standing in a room with a table in front of them' | hints=['fan humming', 'footsteps on floor', 'door creak'] | expr=[]
2026-07-30 08:52:51,648 | INFO | [470.5s] scene='The image shows a man in a sari walking down a stage with a sword in his hand, f' | hints=['fan humming', 'crowd shouting', 'wind'] | expr=[]
2026-07-30 08:52:51,908 | INFO | [476.6s] skip unstable frame (diff=39.1)
2026-07-30 08:52:59,183 | INFO | [482.6s] scene='The image shows a man and woman sitting on top of a couch next to each other, wi' | hints=['fan humming', 'footsteps on floor', 'door creak'] | expr=[]
2026-07-30 08:53:05,827 | INFO | [488.6s] scene='The image shows a group of people sitting on top of a couch next to each other, ' | hints=['fan humming', 'footsteps on floor', 'door creak'] | expr=[]
2026-07-30 08:53:10,893 | INFO | [494.6s] scene='The image shows a man in a white sari with a mustache and a beard, adorned with ' | hints=['frogs croaking', 'wind over water', 'rain falling'] | expr=[]
2026-07-30 08:53:21,276 | INFO | [500.7s] scene='The image shows a man in a sari with a mustache and moustache, standing in front' | hints=['fan humming', 'owl hooting', 'crickets chirping'] | expr=[]
2026-07-30 08:53:24,992 | INFO | [506.7s] scene='The image shows a man laying on top of a bed next to a woman in a pink dress, su' | hints=['fan humming', 'footsteps on floor', 'door creak'] | expr=[]
2026-07-30 08:53:29,610 | INFO | [512.8s] scene='The image shows a man laying on top of a bed next to a woman in a pink dress, su' | hints=['fan humming', 'footsteps on floor', 'door creak'] | expr=[]
2026-07-30 08:53:38,565 | INFO | [518.8s] scene='The image shows a man laying on top of a bed next to a woman, both of them weari' | hints=['fan humming', 'footsteps on floor', 'door creak'] | expr=[]
2026-07-30 08:53:47,515 | INFO | [524.8s] scene='The image shows a man in a white sari with a mustache and a beard, adorned with ' | hints=['frogs croaking', 'wind over water', 'rain falling'] | expr=[]
2026-07-30 08:53:51,246 | INFO | [530.8s] scene='The image shows a man laying on top of a bed next to a woman in a pink dress, su' | hints=['fan humming', 'footsteps on floor', 'door creak'] | expr=[]
2026-07-30 08:53:55,640 | INFO | [536.9s] scene='The image shows a man laying on top of a bed next to a woman in a pink sari, sur' | hints=['fan humming', 'frogs croaking', 'wind over water'] | expr=[]
2026-07-30 08:54:02,231 | INFO | [542.9s] scene='The image shows a group of people sitting around a man laying on top of a bed, s' | hints=['fan humming', 'frogs croaking', 'wind over water'] | expr=[]
2026-07-30 08:54:09,635 | INFO | [549.0s] scene='The image shows a man laying on top of a bed next to a woman, surrounded by pill' | hints=['fan humming', 'frogs croaking', 'wind over water'] | expr=[]
2026-07-30 08:54:17,796 | INFO | [555.0s] scene='The image shows a man in a sari with a mustache and moustache, standing in front' | hints=['fan humming', 'owl hooting', 'crickets chirping'] | expr=[]
2026-07-30 08:54:25,620 | INFO | [561.0s] scene='The image shows a man in a white sari with a mustache and a moustache, adorned w' | hints=['frogs croaking', 'wind over water', 'rain falling'] | expr=[]
2026-07-30 08:54:31,470 | INFO | [567.0s] scene='The image shows a man in a white robe standing in front of a window with the wor' | hints=['fan humming', 'footsteps on floor', 'door creak'] | expr=[]
2026-07-30 08:54:37,347 | INFO | [573.1s] scene='The image shows a woman in a pink sari adorned with ornaments, standing in front' | hints=['frogs croaking', 'wind over water', 'rain falling'] | expr=[]
2026-07-30 08:54:47,557 | INFO | [579.1s] scene='The image shows a man and a woman standing in front of a door, with the man hold' | hints=['fan humming', 'frogs croaking', 'wind over water'] | expr=[]
2026-07-30 08:54:57,660 | INFO | [585.2s] scene='The image shows a man and woman standing in front of a door, with a pillar on th' | hints=['fan humming', 'frogs croaking', 'wind over water'] | expr=[]
2026-07-30 08:55:07,395 | INFO | [591.2s] scene='The image shows a man in a sari standing next to a woman in a yellow sari, both ' | hints=['fan humming', 'frogs croaking', 'wind over water'] | expr=[]
2026-07-30 08:55:15,089 | INFO | [597.2s] scene='The image shows a man and woman standing next to each other in front of a door, ' | hints=['fan humming', 'frogs croaking', 'wind over water'] | expr=[]
2026-07-30 08:55:22,332 | INFO | [603.2s] scene='The image shows a man in a white shirt and black pants standing in front of a wa' | hints=['fan humming', 'frogs croaking', 'wind over water'] | expr=[]
2026-07-30 08:55:22,387 | INFO | [609.3s] skip unstable frame (diff=84.0)
2026-07-30 08:55:35,458 | INFO | [615.3s] scene='The image shows a woman in an orange sari standing next to a group of people, we' | hints=['birds chirping', 'crow cawing', 'insects buzzing'] | expr=[]
2026-07-30 08:55:35,743 | INFO | [621.3s] skip unstable frame (diff=56.2)
2026-07-30 08:55:35,956 | INFO | [627.4s] skip unstable frame (diff=63.9)
2026-07-30 08:55:44,751 | INFO | [633.4s] scene='The image shows a man kneeling down next to a woman in an orange sari, surrounde' | hints=['birds chirping', 'crow cawing', 'insects buzzing'] | expr=[]
2026-07-30 08:55:48,120 | INFO | [639.4s] scene='The image shows a woman in an orange sari kneeling down next to a man in a white' | hints=['birds chirping', 'crow cawing', 'insects buzzing'] | expr=[]
2026-07-30 08:55:51,659 | INFO | [645.5s] scene='The image shows a woman in an orange sari kneeling down next to a man in a white' | hints=['birds chirping', 'crow cawing', 'insects buzzing'] | expr=[]
2026-07-30 08:56:01,082 | INFO | [651.5s] scene='The image shows a woman in an orange sari kneeling down next to a man in a squat' | hints=['birds chirping', 'crow cawing', 'insects buzzing'] | expr=[]
2026-07-30 08:56:14,300 | INFO | [657.5s] scene='The image shows a man kneeling down next to a woman in an orange sari, surrounde' | hints=['birds chirping', 'crow cawing', 'insects buzzing'] | expr=[]
2026-07-30 08:56:26,557 | INFO | [663.6s] scene='The image shows a woman in an orange sari kneeling down next to a man in a white' | hints=['birds chirping', 'crow cawing', 'insects buzzing'] | expr=[]
2026-07-30 08:56:35,601 | INFO | [669.6s] scene='The image shows a man in an orange sari kneeling down next to a woman in a white' | hints=[] | expr=[]
2026-07-30 08:56:45,867 | INFO | [675.6s] scene='The image shows a woman in an orange sari kneeling down next to a man in a squat' | hints=['birds chirping', 'crow cawing', 'insects buzzing'] | expr=[]
2026-07-30 08:56:53,364 | INFO | [681.7s] scene='The image shows a woman in an orange sari walking down a dirt road, with two peo' | hints=['birds chirping', 'crow cawing', 'insects buzzing'] | expr=[]
2026-07-30 08:56:53,432 | INFO | [687.7s] skip unstable frame (diff=44.6)
2026-07-30 08:56:53,706 | INFO | [693.7s] skip unstable frame (diff=80.3)
2026-07-30 08:57:03,519 | INFO | [699.8s] scene='The image shows a man standing in front of a large bonfire in the middle of a fi' | hints=['birds chirping', 'crow cawing', 'insects buzzing'] | expr=[]
2026-07-30 08:57:07,248 | INFO | [705.8s] scene='The image shows a man standing in front of a bonfire in the middle of a field, s' | hints=['birds chirping', 'crow cawing', 'insects buzzing'] | expr=[]
2026-07-30 08:57:10,350 | INFO | [711.8s] scene='The image shows a group of people standing around a bonfire in the middle of a f' | hints=['birds chirping', 'crow cawing', 'insects buzzing'] | expr=[]
2026-07-30 08:57:14,304 | INFO | [717.8s] scene='The image shows a man standing in front of a large bonfire in the middle of a fi' | hints=['birds chirping', 'crow cawing', 'insects buzzing'] | expr=[]
2026-07-30 08:57:19,149 | INFO | [723.9s] scene='The image shows a man sitting in front of a bonfire in the middle of a field, su' | hints=['birds chirping', 'crow cawing', 'insects buzzing'] | expr=[]
2026-07-30 08:57:23,659 | INFO | [729.9s] scene='The image shows a group of people standing around a bonfire in the middle of a f' | hints=['birds chirping', 'crow cawing', 'insects buzzing'] | expr=[]
2026-07-30 08:57:28,884 | INFO | [736.0s] scene='The image shows a group of people standing around a bonfire in the middle of a f' | hints=['birds chirping', 'crow cawing', 'insects buzzing'] | expr=[]
2026-07-30 08:57:32,288 | INFO | [742.0s] scene='The image shows a group of three people standing around a fire in the middle of ' | hints=['birds chirping', 'crow cawing', 'insects buzzing'] | expr=[]
2026-07-30 08:57:40,346 | INFO | [748.0s] scene='The image shows a group of people standing around a bonfire in the middle of a f' | hints=['birds chirping', 'crow cawing', 'insects buzzing'] | expr=[]
2026-07-30 08:57:40,400 | INFO | [754.0s] skip unstable frame (diff=38.4)
2026-07-30 08:57:40,584 | INFO | [760.1s] skip unstable frame (diff=60.7)
2026-07-30 08:57:47,946 | INFO | [766.1s] scene='The image shows a man sitting in front of a fire in the middle of a field, surro' | hints=['birds chirping', 'crow cawing', 'insects buzzing'] | expr=[]
2026-07-30 08:57:48,008 | INFO | [772.2s] skip unstable frame (diff=66.4)
2026-07-30 08:57:48,086 | INFO | [778.2s] skip unstable frame (diff=49.5)
2026-07-30 08:57:56,010 | INFO | [784.2s] scene='The image shows a man wearing a white dress and a white cap standing in front of' | hints=['frogs croaking', 'wind over water', 'rain falling'] | expr=[]
2026-07-30 08:58:00,897 | INFO | [790.2s] scene='The image shows a man wearing a white dress and a white cap standing in front of' | hints=['frogs croaking', 'wind over water', 'rain falling'] | expr=[]
2026-07-30 08:58:00,991 | INFO | [796.3s] skip unstable frame (diff=53.8)
2026-07-30 08:58:11,760 | INFO | [802.3s] scene='The image shows a man in an orange shirt looking at the camera with a watermark ' | hints=['frogs croaking', 'wind over water', 'rain falling'] | expr=[]
2026-07-30 08:58:15,421 | INFO | [808.4s] scene='The image shows a man in an orange shirt looking at the camera with a blurred ba' | hints=['frogs croaking', 'wind over water', 'rain falling'] | expr=[]
2026-07-30 08:58:18,678 | INFO | [814.4s] scene='The image shows a man in an orange robe sitting in front of a hut, surrounded by' | hints=['crow cawing', 'insects buzzing', 'distant music'] | expr=[]
2026-07-30 08:58:21,939 | INFO | [820.4s] scene='The image shows a man in an orange sari sitting in front of a hut, surrounded by' | hints=['crow cawing', 'insects buzzing', 'distant music'] | expr=[]
2026-07-30 08:58:38,538 | INFO | [826.4s] scene='The image shows a man in an orange robe sitting next to a young boy in front of ' | hints=['crow cawing', 'insects buzzing', 'distant music'] | expr=[]
2026-07-30 08:58:45,912 | INFO | [832.5s] scene='The image shows a man and a woman sitting on the ground in front of a hut, surro' | hints=['crow cawing', 'insects buzzing', 'distant music'] | expr=[]
2026-07-30 08:58:46,043 | INFO | [838.5s] skip unstable frame (diff=38.0)
2026-07-30 08:58:51,191 | INFO | [844.6s] scene='The image shows a man in an orange robe pointing at something with a watermark i' | hints=['birds chirping', 'crow cawing', 'insects buzzing'] | expr=[]
2026-07-30 08:58:56,878 | INFO | [850.6s] scene='The image shows a man in an orange sari sitting on the ground in front of a tree' | hints=['frogs croaking', 'wind over water', 'rain falling'] | expr=[]
2026-07-30 08:59:03,863 | INFO | [856.6s] scene='The image shows a woman sitting on top of a bed in a room with a wall adorned wi' | hints=['fan humming', 'frogs croaking', 'wind over water'] | expr=[]
2026-07-30 08:59:08,307 | INFO | [862.6s] scene='The image shows a man sitting on top of a bed in a room, surrounded by a wall ad' | hints=['fan humming', 'frogs croaking', 'wind over water'] | expr=[]
2026-07-30 08:59:13,106 | INFO | [868.7s] scene='The image shows a man and woman sitting on top of a bed in a room, surrounded by' | hints=['fan humming', 'frogs croaking', 'wind over water'] | expr=[]
2026-07-30 08:59:22,885 | INFO | [874.7s] scene='The image shows a man and woman sitting on top of a bed in a room, surrounded by' | hints=['fan humming', 'frogs croaking', 'wind over water'] | expr=[]
2026-07-30 08:59:27,122 | INFO | [880.7s] scene='The image shows a man and woman sitting on top of a bed in a room, surrounded by' | hints=['fan humming', 'frogs croaking', 'wind over water'] | expr=[]
2026-07-30 08:59:36,428 | INFO | [886.8s] scene='The image shows a man and woman sitting on top of a bed in a room, surrounded by' | hints=['fan humming', 'footsteps on floor', 'door creak'] | expr=[]
2026-07-30 08:59:43,688 | INFO | [892.8s] scene='The image shows a man and woman sitting on top of a bed in a room, surrounded by' | hints=['fan humming', 'footsteps on floor', 'door creak'] | expr=[]
2026-07-30 08:59:47,295 | INFO | [898.8s] scene='The image shows a man and woman sitting on top of a bed in a room, surrounded by' | hints=['fan humming', 'footsteps on floor', 'door creak'] | expr=[]
2026-07-30 08:59:54,319 | INFO | [904.9s] scene='The image shows a man sitting on top of a bed next to a woman, surrounded by lam' | hints=['fan humming', 'footsteps on floor', 'door creak'] | expr=[]
2026-07-30 09:00:05,466 | INFO | [910.9s] scene='The image shows a man in a red sari standing in front of a wall with the words "' | hints=['fan humming', 'footsteps on floor', 'door creak'] | expr=[]
2026-07-30 09:00:15,138 | INFO | [916.9s] scene='The image shows a man in a sari standing in front of a wall with the words "Wave' | hints=['fan humming', 'footsteps on floor', 'door creak'] | expr=[]
2026-07-30 09:00:24,631 | INFO | [923.0s] scene='The image shows a man in a sari standing in front of a wall with the words "Wave' | hints=['fan humming', 'footsteps on floor', 'door creak'] | expr=[]
2026-07-30 09:00:28,584 | INFO | [929.0s] scene='The image shows a man in a sari standing next to a woman in a red sari, both of ' | hints=['fan humming', 'frogs croaking', 'wind over water'] | expr=[]
2026-07-30 09:00:31,818 | INFO | [935.0s] scene='The image shows a man in a sari standing next to another man on a stage, both of' | hints=['owl hooting', 'crickets chirping', 'wind'] | expr=[]
2026-07-30 09:00:45,573 | INFO | [941.1s] scene='The image shows a man in a sari and a woman in a red sari standing side by side' | hints=['frogs croaking', 'wind over water', 'rain falling'] | expr=[]
2026-07-30 09:00:50,628 | INFO | [947.1s] scene='The image shows a group of three men standing next to each other on a stage, wit' | hints=['fan humming', 'footsteps on floor', 'door creak'] | expr=[]
2026-07-30 09:00:53,472 | INFO | [953.1s] scene='The image shows a man in a sari standing next to two other men, one of whom is h' | hints=['fan humming', 'crowd shouting', 'wind'] | expr=[]
2026-07-30 09:00:56,414 | INFO | [959.2s] scene='The image shows a scene from the movie Ramayana, with three people standing in t' | hints=['fan humming', 'frogs croaking', 'wind over water'] | expr=[]
2026-07-30 09:00:59,256 | INFO | [965.2s] scene='The image shows a man in a sari holding a sword in front of a group of people, w' | hints=['fan humming', 'crowd shouting', 'wind'] | expr=[]
2026-07-30 09:01:08,338 | INFO | [971.2s] scene='The image shows a man in a sari holding a sword next to another man, with a wall' | hints=['fan humming', 'crowd shouting', 'wind'] | expr=[]
2026-07-30 09:01:20,872 | INFO | [977.3s] scene='The image shows a man in a sari holding a sword next to another man, with a wall' | hints=['fan humming', 'crowd shouting', 'wind'] | expr=[]
2026-07-30 09:01:38,933 | INFO | [983.3s] scene='The image shows a man in a sari holding a sword next to a woman in a red sari, b' | hints=['fan humming', 'crowd shouting', 'wind'] | expr=[]
2026-07-30 09:01:50,556 | INFO | [989.3s] scene='The image shows a man in a sari talking to another man, with a wall in the backg' | hints=['fan humming', 'frogs croaking', 'wind over water'] | expr=[]
2026-07-30 09:01:57,181 | INFO | [995.4s] scene='The image shows a woman in a pink sari standing in front of a wall with the word' | hints=['fan humming', 'footsteps on floor', 'door creak'] | expr=[]
2026-07-30 09:02:16,309 | INFO | [1001.4s] scene='The image shows a man in an orange sari and pearls standing in front of a brick ' | hints=['fan humming', 'music', 'crowd murmur'] | expr=[]
2026-07-30 09:02:24,225 | INFO | [1007.4s] scene='The image shows a man in an orange robe leaning against a tree, adorned with orn' | hints=['fan humming', 'footsteps on floor', 'door creak'] | expr=[]
2026-07-30 09:02:27,235 | INFO | [1013.4s] scene='The image shows a man in an orange sari standing next to a tree, with a wall and' | hints=['fan humming', 'frogs croaking', 'wind over water'] | expr=[]
2026-07-30 09:02:29,478 | INFO | [1019.5s] scene='The image shows a man in an orange robe leaning against a tree, adorned with orn' | hints=['fan humming', 'footsteps on floor', 'door creak'] | expr=[]
2026-07-30 09:02:31,637 | INFO | [1025.5s] scene='The image shows a man in an orange sari sitting next to a tree, adorned with orn' | hints=['fan humming', 'footsteps on floor', 'door creak'] | expr=[]
2026-07-30 09:02:34,003 | INFO | [1031.6s] scene='The image shows a young boy in a pink shirt standing next to a tree, with a wall' | hints=['fan humming', 'frogs croaking', 'wind over water'] | expr=[]
2026-07-30 09:02:37,432 | INFO | [1037.6s] scene='The image shows a man in a yellow sari standing next to a woman in a purple sari' | hints=['fan humming', 'footsteps on floor', 'door creak'] | expr=[]
2026-07-30 09:02:42,751 | INFO | [1043.6s] scene='The image shows a group of three people standing next to each other in a room, w' | hints=['fan humming', 'frogs croaking', 'wind over water'] | expr=[]
2026-07-30 09:02:47,190 | INFO | [1049.6s] scene='The image shows a group of three people standing next to each other in a room, w' | hints=['fan humming', 'frogs croaking', 'wind over water'] | expr=[]
2026-07-30 09:02:52,360 | INFO | [1055.7s] scene='The image shows a group of three men standing next to each other in a room, with' | hints=['fan humming', 'footsteps on floor', 'door creak'] | expr=[]
2026-07-30 09:02:56,117 | INFO | [1061.7s] scene='The image shows a group of three men standing next to each other in front of a b' | hints=['fan humming', 'frogs croaking', 'wind over water'] | expr=[]
2026-07-30 09:03:00,507 | INFO | [1067.8s] scene='The image shows three men standing in front of a wall with a pillar and curtains' | hints=['fan humming', 'frogs croaking', 'wind over water'] | expr=[]
2026-07-30 09:03:03,964 | INFO | [1073.8s] scene='The image shows Rajinikanth in a still from the movie Ramayana, wearing ornament' | hints=['fan humming', 'frogs croaking', 'wind over water'] | expr=[]
2026-07-30 09:03:07,164 | INFO | [1079.8s] scene='The image shows three men standing in front of a wall with a pillar and curtains' | hints=['fan humming', 'frogs croaking', 'wind over water'] | expr=[]
2026-07-30 09:03:12,156 | INFO | [1085.8s] scene='The image shows three men standing in front of a wall with a pillar and curtains' | hints=['fan humming', 'frogs croaking', 'wind over water'] | expr=[]
2026-07-30 09:03:17,468 | INFO | [1091.9s] scene='The image shows a man in a yellow sari standing in front of a group of men, with' | hints=['fan humming', 'frogs croaking', 'wind over water'] | expr=[]
2026-07-30 09:03:23,441 | INFO | [1097.9s] scene='The image shows three men standing on the floor, two of them wearing ornaments a' | hints=['fan humming', 'frogs croaking', 'wind over water'] | expr=[]
2026-07-30 09:03:26,991 | INFO | [1104.0s] scene='The image shows a group of three women in saris standing next to each other in a' | hints=['fan humming', 'frogs croaking', 'wind over water'] | expr=[]
2026-07-30 09:03:29,651 | INFO | [1110.0s] scene='The image shows three people standing on the floor, with a chair, pillars, curta' | hints=['fan humming', 'frogs croaking', 'wind over water'] | expr=[]
2026-07-30 09:03:34,125 | INFO | [1116.0s] scene='The image shows three men standing on the floor, with one of them wearing a sari' | hints=['fan humming', 'frogs croaking', 'wind over water'] | expr=[]
2026-07-30 09:03:39,074 | INFO | [1122.0s] scene='The image shows three men standing on the floor, two of them wearing ornaments, ' | hints=['fan humming', 'frogs croaking', 'wind over water'] | expr=[]
2026-07-30 09:03:43,511 | INFO | [1128.1s] scene='The image shows a scene from the Tamil movie Ramayana, with three people standin' | hints=['fan humming', 'frogs croaking', 'wind over water'] | expr=[]
2026-07-30 09:03:46,864 | INFO | [1134.1s] scene='The image shows three men standing next to each other in a room with a wall in t' | hints=['fan humming', 'frogs croaking', 'wind over water'] | expr=[]
2026-07-30 09:03:56,309 | INFO | [1140.2s] scene='The image shows three men standing on the floor, two of them wearing ornaments a' | hints=['fan humming', 'footsteps on floor', 'door creak'] | expr=[]
2026-07-30 09:04:12,959 | INFO | [1146.2s] scene='The image shows a group of three men standing next to each other in a room, with' | hints=['fan humming', 'frogs croaking', 'wind over water'] | expr=[]
2026-07-30 09:04:19,381 | INFO | [1152.2s] scene='The image shows three people standing on the floor, two of them holding objects ' | hints=['fan humming', 'frogs croaking', 'wind over water'] | expr=[]
2026-07-30 09:04:23,827 | INFO | [1158.2s] scene='The image shows three men standing on the floor in front of a wall with pillars ' | hints=['fan humming', 'frogs croaking', 'wind over water'] | expr=[]
2026-07-30 09:04:28,016 | INFO | [1164.3s] scene='The image shows a man in a yellow sari standing in front of a crowd, wearing orn' | hints=['children playing', 'frogs croaking', 'bells ringing'] | expr=[]
2026-07-30 09:04:28,104 | INFO | [1170.3s] skip unstable frame (diff=39.8)
2026-07-30 09:04:31,444 | INFO | [1176.3s] scene='The image shows a man and a woman sitting on a bench in front of a hut, with the' | hints=['birds chirping', 'crow cawing', 'insects buzzing'] | expr=[]
2026-07-30 09:04:35,512 | INFO | [1182.4s] scene='The image shows a man and a woman sitting next to each other in front of a windo' | hints=['birds chirping', 'fan humming', 'crow cawing'] | expr=[]
2026-07-30 09:04:46,222 | INFO | [1188.4s] scene='The image shows a man in an orange robe sitting next to a woman in front of a wi' | hints=['birds chirping', 'fan humming', 'crow cawing'] | expr=[]
2026-07-30 09:04:56,095 | INFO | [1194.4s] scene='The image shows a man in an orange robe sitting in front of a window, wearing a ' | hints=['birds chirping', 'fan humming', 'crow cawing'] | expr=[]
2026-07-30 09:05:05,826 | INFO | [1200.5s] scene='The image shows a man in an orange robe sitting in front of a window, wearing a ' | hints=['birds chirping', 'fan humming', 'crow cawing'] | expr=[]
2026-07-30 09:05:09,960 | INFO | [1206.5s] scene='The image shows a man in an orange sari sitting in front of a window with the wo' | hints=['fan humming', 'footsteps on floor', 'door creak'] | expr=[]
2026-07-30 09:05:10,002 | INFO | Vision log: 178 frames → results_v16\BEK_EP_020\florence_log.jsonl
2026-07-30 09:05:10,004 | INFO | 
Stage 1 done. Stage 2:
  python panns_pipeline.py --video data\BEK_EP_020.mp4 --florence-log results_v16\BEK_EP_020\florence_log.jsonl
